// Jest Snapshot v1, https://goo.gl/fbAQLP

exports[`<ExpenseListItem: renders correctly w props 1`] = `
<div>
  <Link
    replace={false}
    to="/edit/1"
  >
    <h3>
      Description: 
      some description
    </h3>
  </Link>
  <p>
    $1.00
    -
    December 31st, 1969
  </p>
</div>
`;
