// Jest Snapshot v1, https://goo.gl/fbAQLP

exports[`<LogIn />: renders correctly 1`] = `
<div>
  <button
    onClick="() => {}"
  >
    Log In!
  </button>
</div>
`;
