// Jest Snapshot v1, https://goo.gl/fbAQLP

exports[`<NotFound/>: should render correctly with expenses 1`] = `
<div>
  404!!!
</div>
`;
